//line input.go:1:1
package test

import (
//line input.go:5
  "database/sql/driver"
//line <generated>:1
  __orchestrion_sqltrace "gopkg.in/DataDog/dd-trace-go.v1/contrib/database/sql"
)

//line input.go:8
var conn driver.Connector

func main() {
  db1, err :=
//line <generated>:1
    __orchestrion_sqltrace.Open(
//line input.go:11
      "foo", "bar")
  if err != nil {
    panic(err)
  }
  defer db1.Close()

  db2 :=
//line <generated>:1
    __orchestrion_sqltrace.OpenDB(
//line input.go:17
      conn)
  defer db2.Close()
}
