// Unless explicitly stated otherwise all files in this repository are licensed
// under the Apache License Version 2.0.
// This product includes software developed at Datadog (https://www.datadoghq.com/).
// Copyright 2023-present Datadog, Inc.

package main

import (
	"net/http"

	"github.com/labstack/echo/v4"
//line <generated>:1
	__orchestrion_echotrace "gopkg.in/DataDog/dd-trace-go.v1/contrib/labstack/echo.v4"
)

//line samples/server/echov4.go:14
func echoV4Server() {
	r :=
//line <generated>:1
		func() *echo.Echo {
			e :=
//line samples/server/echov4.go:15
				echo.New()
//line <generated>:1
			e.Use(__orchestrion_echotrace.Middleware())
			return e
		}()
//line samples/server/echov4.go:16
	r.GET("/ping", func(c echo.Context) error {
		return c.JSON(http.StatusOK, map[string]any{
			"message": "pong",
		})
	})
	_ = r.Start(":8080")
}

type api struct {
	srv *echo.Echo
}

func (a *api) echoV4Server() {
	a.srv =
//line <generated>:1
		func() *echo.Echo {
			e :=
//line samples/server/echov4.go:29
				echo.New()
//line <generated>:1
			e.Use(__orchestrion_echotrace.Middleware())
			return e
		}()
//line samples/server/echov4.go:30
	a.srv.GET("/ping", func(c echo.Context) error {
		return c.JSON(http.StatusOK, map[string]any{
			"message": "pong",
		})
	})
	_ = a.srv.Start(":8888")
}
