//line samples/server/gin.go:1:1
// Unless explicitly stated otherwise all files in this repository are licensed
// under the Apache License Version 2.0.
// This product includes software developed at Datadog (https://www.datadoghq.com/).
// Copyright 2023-present Datadog, Inc.

package main

import (
	"net/http"

	"github.com/gin-gonic/gin"
//line <generated>
	__orchestrion_gintrace "gopkg.in/DataDog/dd-trace-go.v1/contrib/gin-gonic/gin"
)

//line samples/server/gin.go:14
func ginServer() {
	r :=
//line <generated>
		func() *gin.Engine {
			e :=
//line samples/server/gin.go:15
				gin.Default()
//line <generated>
			e.Use(__orchestrion_gintrace.Middleware(""))
			return e
		}()
//line samples/server/gin.go:16
	r.GET("/ping", func(c *gin.Context) {
		c.JSON(http.StatusOK, gin.H{
			"message": "pong",
		})
	})
	r.Run()
}
