// Unless explicitly stated otherwise all files in this repository are licensed
// under the Apache License Version 2.0.
// This product includes software developed at Datadog (https://www.datadoghq.com/).
// Copyright 2023-present Datadog, Inc.

package main

import (
	"context"
	"fmt"

	redisv7 "github.com/go-redis/redis/v7"
	redisv8 "github.com/go-redis/redis/v8"
	redigo "github.com/gomodule/redigo/redis"
//line <generated>:1
	__orchestrion_trace "gopkg.in/DataDog/dd-trace-go.v1/contrib/go-redis/redis.v7"
	__orchestrion_trace1 "gopkg.in/DataDog/dd-trace-go.v1/contrib/go-redis/redis.v8"
	__orchestrion_redigo "gopkg.in/DataDog/dd-trace-go.v1/contrib/gomodule/redigo"
)

//line samples/client/redis.go:17
func redisV7Client() {
	client :=
//line <generated>:1
		func() (client *redisv7.Client) {
			client =
//line samples/client/redis.go:18
				redisv7.NewClient(&redisv7.Options{Addr: "127.0.0.1", Password: "", DB: 0})
//line <generated>:1
			__orchestrion_trace.WrapClient(client)
			return
		}()
//line samples/client/redis.go:19
	defer client.Close()
	if res := client.Set("test_key", "test_value", 0); res.Err() != nil {
		panic(res.Err())
	}
}

func redisV8Client(ctx context.Context) {
	client :=
//line <generated>:1
		func() (client *redisv8.Client) {
			client =
//line samples/client/redis.go:26
				redisv8.NewClient(&redisv8.Options{Addr: "127.0.0.1", Password: "", DB: 0})
//line <generated>:1
			__orchestrion_trace1.WrapClient(client)
			return
		}()
//line samples/client/redis.go:27
	defer client.Close()
	if res := client.Set(ctx, "test_key", "test_value", 0); res.Err() != nil {
		panic(res.Err())
	}
}

func redigoClient(ctx context.Context, net, addr string) {
	use := func(conn redigo.Conn) {
		conn.Do("SET", "test_key", "test_value", ctx)
	}

	if conn, err := __orchestrion_redigo.Dial(net, addr); err != nil {
		panic(err)
	} else {
		use(conn)
	}

	if conn, err := __orchestrion_redigo.DialContext(ctx, net, addr); err != nil {
		panic(err)
	} else {
		use(conn)
	}

	if conn, err := __orchestrion_redigo.DialURL(fmt.Sprintf("%s://%s", net, addr)); err != nil {
		panic(err)
	} else {
		use(conn)
	}
}
