//line samples/client/vault.go:1:1
// Unless explicitly stated otherwise all files in this repository are licensed
// under the Apache License Version 2.0.
// This product includes software developed at Datadog (https://www.datadoghq.com/).
// Copyright 2023-present Datadog, Inc.

package main

import (
	"net/http"

	"github.com/hashicorp/vault/api"
//line <generated>
	__orchestrion_vaulttrace "gopkg.in/DataDog/dd-trace-go.v1/contrib/hashicorp/vault"
)

//line samples/client/vault.go:14
func vaultClient() {
	c, err := api.NewClient(&
//line <generated>
//line samples/client/vault.go:15
	api.Config{
		Address: "http://vault.mydomain.com:8200",
//line <generated>
		HttpClient: __orchestrion_vaulttrace.NewHTTPClient(),
	})
//line samples/client/vault.go:18
	if err != nil {
		panic(err)
	}
	c.Logical().Read("secret/key")
}

func vaultProvidedClient() {
	c, err := api.NewClient(&
//line <generated>
//line samples/client/vault.go:25
	api.Config{
//line <generated>
		HttpClient: __orchestrion_vaulttrace.WrapHTTPClient(
//line samples/client/vault.go:26
			&http.Client{}),
		Address: "http://vault.mydomain.com:8200",
	})
	if err != nil {
		panic(err)
	}
	c.Logical().Read("secret/key")
}
