//line samples/server/database.go:1:1
// Unless explicitly stated otherwise all files in this repository are licensed
// under the Apache License Version 2.0.
// This product includes software developed at Datadog (https://www.datadoghq.com/).
// Copyright 2023-present Datadog, Inc.

package main

import (
	"context"
	"database/sql"
	"database/sql/driver"
	"errors"
	"log"
//line <generated>:1
	__orchestrion_v2 "github.com/DataDog/dd-trace-go/contrib/database/sql/v2"
)

//line samples/server/database.go:16
func init() {
//line <generated>:1
	func(driverName string, driver driver.Driver) {
		sql.Register(driverName, driver)
		__orchestrion_v2.Register(driverName, driver)
	}(
//line samples/server/database.go:17
		"test", &testDriver{})
}

type testDriver struct{}

func (*testDriver) Open(string) (driver.Conn, error) {
	return &testConn{}, nil
}

type testConn struct{}

func (*testConn) Prepare(string) (driver.Stmt, error) {
	return nil, errors.ErrUnsupported
}

func (*testConn) Close() error {
	return nil
}

func (*testConn) Begin() (driver.Tx, error) {
	return nil, errors.ErrUnsupported
}

type testConnector struct{}

func (*testConnector) Connect(context.Context) (driver.Conn, error) {
	return &testConn{}, nil
}

func (*testConnector) Driver() driver.Driver {
	return &testDriver{}
}

func openDatabase() (*sql.DB, error) {
	_, err := __orchestrion_v2.Open("test", "mypath")
	if err != nil {
		log.Printf("Some error: %v", err)
	}
	return __orchestrion_v2.Open("test", "mypath")
}

func openDatabase2() *sql.DB {
	_ = __orchestrion_v2.OpenDB(&testConnector{})
	return __orchestrion_v2.OpenDB(&testConnector{})
}
